FOR-sight-ai/interpreto: humans*=10 stars=207 last_commit=0d archived=False
ndif-team/nnterp: humans*=4 stars=121 last_commit=96d archived=False
google-deepmind/mishax: humans*=3 stars=158 last_commit=20d archived=False
goodfire-ai/causalab: humans*=8 stars=118 last_commit=6d archived=False
hannamw/EAP-IG: humans*=3 stars=89 last_commit=136d archived=False
TransluceAI/introspective-interp: humans*=2 stars=38 last_commit=91d archived=False
UFO-101/auto-circuit: humans*=3 stars=103 last_commit=50d archived=False
TransluceAI/circuits: humans*=1 stars=41 last_commit=179d archived=False
EleutherAI/bergson: humans*=15 stars=99 last_commit=0d archived=False
decoderesearch/circuit-tracer: humans*=17 stars=2915 last_commit=25d archived=False
google-deepmind/treescope: humans*=11 stars=476 last_commit=110d archived=False
ndif-team/workbench: humans*=7 stars=18 last_commit=18d archived=False
aaronmueller/MIB: humans*=3 stars=27 last_commit=417d archived=False
explanare/ravel: humans*=1 stars=58 last_commit=341d archived=False
aryamanarora/causalgym: humans*=2 stars=57 last_commit=675d archived=False
hannamw/MIB-circuit-track: humans*=6 stars=25 last_commit=463d archived=False
EleutherAI/delphi: humans*=22 stars=279 last_commit=42d archived=False
decoderesearch/SAELens: humans*=78 stars=1550 last_commit=2d archived=False
atticusg/CausalAbstraction: humans*=8 stars=118 last_commit=6d archived=False
Saved 19 repositories; 0 explicit failures. slop/research/20261007_interpretability/evidence_shortlist/github_snapshot.json
